// Jest Snapshot v1, https://goo.gl/fbAQLP

exports[`<AllDogs/> should render the entire list of dogs 1`] = `
<div>
  <div
    class="home"
  >
    <h1>
      Dogs Available For Adoption
    </h1>
    <div
      class="dogs"
    >
      <a
        href="/dogs/1"
      >
        <div
          class="card"
        >
          <img
            src="https://placedog.net/1000/563?id=19"
          />
          <h2>
            Stevie
          </h2>
          <p>
            Hi! I am a(n) 
            0
             year(s) old 
            White Labrador
            . I cannot wait to meet you!
          </p>
        </div>
      </a>
      <a
        href="/dogs/5"
      >
        <div
          class="card"
        >
          <img
            src="https://placedog.net/1000/563?id=135"
          />
          <h2>
            Stripe
          </h2>
          <p>
            Hi! I am a(n) 
            3
             year(s) old 
            Dalmatian
            . I cannot wait to meet you!
          </p>
        </div>
      </a>
      <a
        href="/dogs/6"
      >
        <div
          class="card"
        >
          <img
            src="https://placedog.net/1000/563?id=54"
          />
          <h2>
            Bailey
          </h2>
          <p>
            Hi! I am a(n) 
            2
             year(s) old 
            mutt
            . I cannot wait to meet you!
          </p>
        </div>
      </a>
      <a
        href="/dogs/7"
      >
        <div
          class="card"
        >
          <img
            src="https://placedog.net/1000/563?id=64"
          />
          <h2>
            Squiggle
          </h2>
          <p>
            Hi! I am a(n) 
            3
             year(s) old 
            mutt
            . I cannot wait to meet you!
          </p>
        </div>
      </a>
      <a
        href="/dogs/9"
      >
        <div
          class="card"
        >
          <img
            src="https://placedog.net/1000/563?id=109"
          />
          <h2>
            Jasper
          </h2>
          <p>
            Hi! I am a(n) 
            0
             year(s) old 
            Husky
            . I cannot wait to meet you!
          </p>
        </div>
      </a>
      <a
        href="/dogs/10"
      >
        <div
          class="card"
        >
          <img
            src="https://placedog.net/1000/563?id=3"
          />
          <h2>
            King
          </h2>
          <p>
            Hi! I am a(n) 
            2
             year(s) old 
            Golden Retriever
            . I cannot wait to meet you!
          </p>
        </div>
      </a>
      <a
        href="/dogs/3"
      >
        <div
          class="card"
        >
          <img
            src="https://placedog.net/1000/563?id=51"
          />
          <h2>
            Frenchie
          </h2>
          <p>
            Hi! I am a(n) 
            1
             year(s) old 
            French Bulldog
            . I cannot wait to meet you!
          </p>
        </div>
      </a>
    </div>
  </div>
</div>
`;
