// Jest Snapshot v1, https://goo.gl/fbAQLP

exports[`<Dog/> should render the specific dog information 1`] = `
<div>
  <div>
    <div
      class="detail"
    >
      <div
        class="bio-detail"
      >
        <img
          class="bio-img"
          src="https://placedog.net/1000/563?id=135"
        />
        <h2>
          Stripe
        </h2>
        <p>
          This gal really loves chew toys and long walks on the beach. 
        </p>
      </div>
      <button>
        Edit
      </button>
      <button>
        Delete
      </button>
    </div>
  </div>
</div>
`;
