// Jest Snapshot v1, https://goo.gl/fbAQLP

exports[`<DogEdit/> should render the specific dog form information 1`] = `
<div>
  <div>
    <div>
      <form
        class="form"
      >
        <label>
          Name: 
        </label>
        <input
          placeholder="Name"
          type="text"
          value="Stripe"
        />
        <label>
          Bio: 
        </label>
        <textarea
          placeholder="Bio"
          type="text"
        >
          This gal really loves chew toys and long walks on the beach. 
        </textarea>
        <label>
          Image: 
        </label>
        <input
          placeholder="Image"
          type="text"
          value="https://placedog.net/1000/563?id=135"
        />
        <label>
          Age: 
        </label>
        <input
          placeholder="Age"
          type="text"
          value="3"
        />
        <label>
          Breed: 
        </label>
        <input
          placeholder="Breed"
          type="text"
          value="Dalmatian"
        />
        <button>
          Save
        </button>
      </form>
    </div>
  </div>
</div>
`;
